// Jest Snapshot v1, https://goo.gl/fbAQLP

exports[`ItemSeparator should match snapshot 1`] = `
<View
  style={
    {
      "height": 8,
    }
  }
/>
`;
